2026-08-17 21:09:00 INFO  [main] c.office.notification.server.Server - Server Started...
2026-08-17 21:09:00 INFO  [Thread-1] c.o.n.server.HeartbeatMonitor - Heartbeat monitor started
2026-08-17 21:09:04 INFO  [main] c.office.notification.client.Client - Connected to server
2026-08-17 21:09:04 INFO  [main] c.office.notification.server.Server - New client connection accepted from /127.0.0.1
2026-08-17 21:09:04 INFO  [main] c.office.notification.server.Server - Total Clients: 0
2026-08-17 21:09:04 INFO  [Thread-2] c.o.n.server.ClientHandler - Client registered: ASUS
2026-08-17 21:09:04 INFO  [main] c.office.notification.client.Client - Server registration response: Registration Successful
2026-08-17 21:09:04 INFO  [main] c.office.notification.client.Client - Heartbeat sender started
2026-08-17 21:09:13 INFO  [AWT-EventQueue-0] c.o.n.service.NotificationService - Notification sent to all clients. Priority: Information
2026-08-17 21:09:18 INFO  [AWT-EventQueue-0] c.o.n.service.NotificationService - Notification sent to all clients. Priority: Information
2026-08-17 21:09:53 INFO  [Thread-0] c.office.notification.server.Server - Server shutting down...
2026-08-17 21:09:53 INFO  [Thread-0] c.office.notification.server.Server - Server socket closed.
2026-08-17 21:09:53 INFO  [main] c.office.notification.server.Server - Server stopped gracefully.
2026-08-17 21:09:55 WARN  [Thread-0] c.o.n.client.HeartbeatSender - Heartbeat sender stopped because connection was closed.
2026-08-17 21:09:57 INFO  [main] c.office.notification.server.Server - Server Started...
2026-08-17 21:09:58 INFO  [Thread-1] c.o.n.server.HeartbeatMonitor - Heartbeat monitor started
2026-08-17 21:12:32 INFO  [Thread-0] c.office.notification.server.Server - Server shutting down...
2026-08-17 21:12:32 INFO  [Thread-0] c.office.notification.server.Server - Server socket closed.
2026-08-17 21:12:32 INFO  [main] c.office.notification.server.Server - Server stopped gracefully.
2026-08-17 21:30:38 INFO  [main] c.office.notification.server.Server - Server Started...
2026-08-17 21:30:38 ERROR [main] c.office.notification.server.Server - Server error occurred
java.lang.NullPointerException: Cannot invoke "javax.swing.JButton.setText(String)" because "this.sendButton" is null
	at com.office.notification.gui.AdminDashboard.updatePriorityStyle(AdminDashboard.java:602)
	at com.office.notification.gui.AdminDashboard.initializeComponents(AdminDashboard.java:83)
	at com.office.notification.gui.AdminDashboard.<init>(AdminDashboard.java:40)
	at com.office.notification.server.Server.main(Server.java:39)
2026-08-17 21:30:39 INFO  [Thread-0] c.office.notification.server.Server - Server shutting down...
2026-08-17 21:30:39 INFO  [Thread-0] c.office.notification.server.Server - Server socket closed.
2026-08-17 21:30:40 WARN  [main] c.office.notification.client.Client - Unable to connect to server. Retrying in 5 seconds.
2026-08-17 21:30:45 WARN  [main] c.office.notification.client.Client - Unable to connect to server. Retrying in 5 seconds.
2026-08-17 21:30:50 WARN  [main] c.office.notification.client.Client - Unable to connect to server. Retrying in 5 seconds.
2026-08-17 21:30:51 INFO  [main] c.office.notification.server.Server - Server Started...
2026-08-17 21:30:51 ERROR [main] c.office.notification.server.Server - Server error occurred
java.lang.NullPointerException: Cannot invoke "javax.swing.JButton.setText(String)" because "this.sendButton" is null
	at com.office.notification.gui.AdminDashboard.updatePriorityStyle(AdminDashboard.java:602)
	at com.office.notification.gui.AdminDashboard.initializeComponents(AdminDashboard.java:83)
	at com.office.notification.gui.AdminDashboard.<init>(AdminDashboard.java:40)
	at com.office.notification.server.Server.main(Server.java:39)
2026-08-17 21:30:52 INFO  [Thread-0] c.office.notification.server.Server - Server shutting down...
2026-08-17 21:30:52 INFO  [Thread-0] c.office.notification.server.Server - Server socket closed.
2026-08-17 21:30:55 WARN  [main] c.office.notification.client.Client - Unable to connect to server. Retrying in 5 seconds.
2026-08-17 21:31:00 WARN  [main] c.office.notification.client.Client - Unable to connect to server. Retrying in 5 seconds.
2026-08-17 21:31:05 WARN  [main] c.office.notification.client.Client - Unable to connect to server. Retrying in 5 seconds.
2026-08-17 21:31:06 INFO  [main] c.office.notification.server.Server - Server Started...
2026-08-17 21:31:06 ERROR [main] c.office.notification.server.Server - Server error occurred
java.lang.NullPointerException: Cannot invoke "javax.swing.JButton.setText(String)" because "this.sendButton" is null
	at com.office.notification.gui.AdminDashboard.updatePriorityStyle(AdminDashboard.java:602)
	at com.office.notification.gui.AdminDashboard.initializeComponents(AdminDashboard.java:83)
	at com.office.notification.gui.AdminDashboard.<init>(AdminDashboard.java:40)
	at com.office.notification.server.Server.main(Server.java:39)
2026-08-17 21:31:07 INFO  [Thread-0] c.office.notification.server.Server - Server shutting down...
2026-08-17 21:31:07 INFO  [Thread-0] c.office.notification.server.Server - Server socket closed.
2026-08-17 21:31:10 WARN  [main] c.office.notification.client.Client - Unable to connect to server. Retrying in 5 seconds.
2026-08-17 21:31:15 WARN  [main] c.office.notification.client.Client - Unable to connect to server. Retrying in 5 seconds.
2026-08-17 21:31:20 WARN  [main] c.office.notification.client.Client - Unable to connect to server. Retrying in 5 seconds.
2026-08-17 21:31:21 INFO  [main] c.office.notification.server.Server - Server Started...
2026-08-17 21:31:21 ERROR [main] c.office.notification.server.Server - Server error occurred
java.lang.NullPointerException: Cannot invoke "javax.swing.JButton.setText(String)" because "this.sendButton" is null
	at com.office.notification.gui.AdminDashboard.updatePriorityStyle(AdminDashboard.java:602)
	at com.office.notification.gui.AdminDashboard.initializeComponents(AdminDashboard.java:83)
	at com.office.notification.gui.AdminDashboard.<init>(AdminDashboard.java:40)
	at com.office.notification.server.Server.main(Server.java:39)
2026-08-17 21:31:22 INFO  [Thread-0] c.office.notification.server.Server - Server shutting down...
2026-08-17 21:31:22 INFO  [Thread-0] c.office.notification.server.Server - Server socket closed.
2026-08-17 21:31:25 WARN  [main] c.office.notification.client.Client - Unable to connect to server. Retrying in 5 seconds.
2026-08-17 21:31:30 WARN  [main] c.office.notification.client.Client - Unable to connect to server. Retrying in 5 seconds.
2026-08-17 21:31:35 WARN  [main] c.office.notification.client.Client - Unable to connect to server. Retrying in 5 seconds.
2026-08-17 21:31:40 WARN  [main] c.office.notification.client.Client - Unable to connect to server. Retrying in 5 seconds.
2026-08-17 21:31:45 WARN  [main] c.office.notification.client.Client - Unable to connect to server. Retrying in 5 seconds.
2026-08-17 21:31:50 WARN  [main] c.office.notification.client.Client - Unable to connect to server. Retrying in 5 seconds.
2026-08-17 21:31:55 WARN  [main] c.office.notification.client.Client - Unable to connect to server. Retrying in 5 seconds.
2026-08-17 21:32:00 WARN  [main] c.office.notification.client.Client - Unable to connect to server. Retrying in 5 seconds.
2026-08-17 21:32:05 WARN  [main] c.office.notification.client.Client - Unable to connect to server. Retrying in 5 seconds.
2026-08-17 21:32:10 WARN  [main] c.office.notification.client.Client - Unable to connect to server. Retrying in 5 seconds.
2026-08-17 21:32:15 WARN  [main] c.office.notification.client.Client - Unable to connect to server. Retrying in 5 seconds.
2026-08-17 21:32:20 WARN  [main] c.office.notification.client.Client - Unable to connect to server. Retrying in 5 seconds.
2026-08-17 21:32:25 WARN  [main] c.office.notification.client.Client - Unable to connect to server. Retrying in 5 seconds.
2026-08-17 21:32:30 WARN  [main] c.office.notification.client.Client - Unable to connect to server. Retrying in 5 seconds.
2026-08-17 21:32:35 WARN  [main] c.office.notification.client.Client - Unable to connect to server. Retrying in 5 seconds.
2026-08-17 21:32:40 WARN  [main] c.office.notification.client.Client - Unable to connect to server. Retrying in 5 seconds.
2026-08-17 21:32:45 WARN  [main] c.office.notification.client.Client - Unable to connect to server. Retrying in 5 seconds.
2026-08-17 21:32:50 WARN  [main] c.office.notification.client.Client - Unable to connect to server. Retrying in 5 seconds.
2026-08-17 21:32:55 WARN  [main] c.office.notification.client.Client - Unable to connect to server. Retrying in 5 seconds.
2026-08-17 21:33:00 WARN  [main] c.office.notification.client.Client - Unable to connect to server. Retrying in 5 seconds.
2026-08-17 21:33:05 WARN  [main] c.office.notification.client.Client - Unable to connect to server. Retrying in 5 seconds.
2026-08-17 21:33:10 WARN  [main] c.office.notification.client.Client - Unable to connect to server. Retrying in 5 seconds.
2026-08-17 21:33:15 WARN  [main] c.office.notification.client.Client - Unable to connect to server. Retrying in 5 seconds.
2026-08-17 21:33:20 WARN  [main] c.office.notification.client.Client - Unable to connect to server. Retrying in 5 seconds.
2026-08-17 21:33:25 WARN  [main] c.office.notification.client.Client - Unable to connect to server. Retrying in 5 seconds.
2026-08-17 21:33:30 WARN  [main] c.office.notification.client.Client - Unable to connect to server. Retrying in 5 seconds.
2026-08-17 21:33:35 WARN  [main] c.office.notification.client.Client - Unable to connect to server. Retrying in 5 seconds.
2026-08-17 21:33:40 WARN  [main] c.office.notification.client.Client - Unable to connect to server. Retrying in 5 seconds.
2026-08-17 21:33:45 WARN  [main] c.office.notification.client.Client - Unable to connect to server. Retrying in 5 seconds.
2026-08-17 21:37:11 INFO  [main] c.office.notification.server.Server - Server Started...
2026-08-17 21:37:11 INFO  [Thread-1] c.o.n.server.HeartbeatMonitor - Heartbeat monitor started
2026-08-17 21:37:21 INFO  [main] c.office.notification.client.Client - Connected to server
2026-08-17 21:37:21 INFO  [main] c.office.notification.server.Server - New client connection accepted from /127.0.0.1
2026-08-17 21:37:21 INFO  [main] c.office.notification.server.Server - Total Clients: 0
2026-08-17 21:37:21 INFO  [Thread-2] c.o.n.server.ClientHandler - Client registered: ASUS
2026-08-17 21:37:21 INFO  [main] c.office.notification.client.Client - Server registration response: Registration Successful
2026-08-17 21:37:21 INFO  [main] c.office.notification.client.Client - Heartbeat sender started
2026-08-17 21:37:28 INFO  [AWT-EventQueue-0] c.o.n.service.NotificationService - Notification sent to all clients. Priority: Information
2026-08-17 21:37:41 INFO  [AWT-EventQueue-0] c.o.n.service.NotificationService - Notification sent to all clients. Priority: Information
2026-08-17 21:38:02 INFO  [main] c.office.notification.client.Client - Notification received with priority: Information
2026-08-17 21:38:02 INFO  [main] c.office.notification.client.Client - Notification received with priority: Information
2026-08-17 21:39:29 INFO  [AWT-EventQueue-0] c.o.n.service.NotificationService - Notification sent to all clients. Priority: Critical
2026-08-17 21:39:31 INFO  [main] c.office.notification.client.Client - Notification received with priority: Critical
2026-08-17 21:39:46 INFO  [AWT-EventQueue-0] c.o.n.service.NotificationService - Notification sent to all clients. Priority: Warning
2026-08-17 21:39:48 INFO  [main] c.office.notification.client.Client - Notification received with priority: Warning
2026-08-17 21:40:27 INFO  [Thread-0] c.office.notification.server.Server - Server shutting down...
2026-08-17 21:40:27 INFO  [Thread-0] c.office.notification.server.Server - Server socket closed.
2026-08-17 21:40:27 INFO  [main] c.office.notification.server.Server - Server stopped gracefully.
