2026-08-16 21:37:58 INFO  [main] c.office.notification.server.Server - Server Started...
2026-08-16 21:37:59 INFO  [Thread-1] c.o.n.server.HeartbeatMonitor - Heartbeat monitor started
2026-08-16 21:38:06 INFO  [main] c.office.notification.client.Client - Connected to server
2026-08-16 21:38:07 INFO  [main] c.office.notification.server.Server - New client connection accepted from /127.0.0.1
2026-08-16 21:38:07 INFO  [main] c.office.notification.server.Server - Total Clients: 0
2026-08-16 21:38:07 INFO  [Thread-2] c.o.n.server.ClientHandler - Client registered: ASUS
2026-08-16 21:38:07 INFO  [main] c.office.notification.client.Client - Server registration response: Registration Successful
2026-08-16 21:38:07 INFO  [main] c.office.notification.client.Client - Heartbeat sender started
2026-08-16 21:40:08 INFO  [Thread-2] c.o.n.server.ClientHandler - Client disconnected: ASUS
2026-08-16 21:40:08 INFO  [Thread-2] c.o.n.server.ClientHandler - Remaining clients: 0
2026-08-16 21:41:28 INFO  [Thread-0] c.office.notification.server.Server - Server shutting down...
2026-08-16 21:41:28 INFO  [Thread-0] c.office.notification.server.Server - Server socket closed.
2026-08-16 21:41:28 INFO  [main] c.office.notification.server.Server - Server stopped gracefully.
2026-08-16 21:43:41 INFO  [main] c.office.notification.server.Server - Server Started...
2026-08-16 21:43:41 INFO  [Thread-1] c.o.n.server.HeartbeatMonitor - Heartbeat monitor started
2026-08-16 21:43:42 INFO  [main] c.office.notification.client.Client - Connected to server
2026-08-16 21:43:42 INFO  [main] c.office.notification.server.Server - New client connection accepted from /127.0.0.1
2026-08-16 21:43:42 INFO  [main] c.office.notification.server.Server - Total Clients: 0
2026-08-16 21:43:42 INFO  [Thread-2] c.o.n.server.ClientHandler - Client registered: ASUS
2026-08-16 21:43:42 INFO  [main] c.office.notification.client.Client - Server registration response: Registration Successful
2026-08-16 21:43:42 INFO  [main] c.office.notification.client.Client - Heartbeat sender started
2026-08-16 21:43:44 INFO  [main] c.office.notification.client.Client - Connected to server
2026-08-16 21:43:44 INFO  [main] c.office.notification.server.Server - New client connection accepted from /127.0.0.1
2026-08-16 21:43:44 INFO  [main] c.office.notification.server.Server - Total Clients: 1
2026-08-16 21:43:44 INFO  [Thread-3] c.o.n.server.ClientHandler - Client registered: ASUS
2026-08-16 21:43:44 INFO  [main] c.office.notification.client.Client - Server registration response: Registration Successful
2026-08-16 21:43:44 INFO  [main] c.office.notification.client.Client - Heartbeat sender started
2026-08-16 21:44:00 INFO  [AWT-EventQueue-0] c.o.n.service.NotificationService - Notification sent to all clients. Priority: Warning
2026-08-16 21:44:08 INFO  [AWT-EventQueue-0] c.o.n.service.NotificationService - Notification sent to all clients. Priority: Information
2026-08-16 21:44:23 INFO  [AWT-EventQueue-0] c.o.n.service.NotificationService - Notification sent to all clients. Priority: Critical
2026-08-16 21:44:27 INFO  [main] c.office.notification.client.Client - Notification received with priority: Warning
2026-08-16 21:44:29 INFO  [main] c.office.notification.client.Client - Notification received with priority: Information
2026-08-16 21:44:31 INFO  [main] c.office.notification.client.Client - Notification received with priority: Critical
2026-08-16 21:44:36 INFO  [main] c.office.notification.client.Client - Notification received with priority: Warning
2026-08-16 21:44:38 INFO  [main] c.office.notification.client.Client - Notification received with priority: Information
2026-08-16 21:44:39 INFO  [main] c.office.notification.client.Client - Notification received with priority: Critical
2026-08-16 21:46:00 INFO  [Thread-0] c.office.notification.server.Server - Server shutting down...
2026-08-16 21:46:00 INFO  [Thread-0] c.office.notification.server.Server - Server socket closed.
2026-08-16 21:46:00 INFO  [main] c.office.notification.server.Server - Server stopped gracefully.
2026-08-16 21:46:01 WARN  [main] c.office.notification.client.Client - Unable to connect to server. Retrying in 5 seconds.
2026-08-16 21:46:01 WARN  [main] c.office.notification.client.Client - Unable to connect to server. Retrying in 5 seconds.
2026-08-16 21:46:06 WARN  [main] c.office.notification.client.Client - Unable to connect to server. Retrying in 5 seconds.
2026-08-16 21:46:06 WARN  [main] c.office.notification.client.Client - Unable to connect to server. Retrying in 5 seconds.
2026-08-16 21:46:11 WARN  [main] c.office.notification.client.Client - Unable to connect to server. Retrying in 5 seconds.
2026-08-16 21:46:11 WARN  [main] c.office.notification.client.Client - Unable to connect to server. Retrying in 5 seconds.
2026-08-16 21:46:16 WARN  [main] c.office.notification.client.Client - Unable to connect to server. Retrying in 5 seconds.
2026-08-16 21:46:16 WARN  [main] c.office.notification.client.Client - Unable to connect to server. Retrying in 5 seconds.
2026-08-16 21:46:21 WARN  [main] c.office.notification.client.Client - Unable to connect to server. Retrying in 5 seconds.
2026-08-16 21:46:21 WARN  [main] c.office.notification.client.Client - Unable to connect to server. Retrying in 5 seconds.
2026-08-16 21:46:26 WARN  [main] c.office.notification.client.Client - Unable to connect to server. Retrying in 5 seconds.
2026-08-16 21:46:26 WARN  [main] c.office.notification.client.Client - Unable to connect to server. Retrying in 5 seconds.
2026-08-16 21:46:31 WARN  [main] c.office.notification.client.Client - Unable to connect to server. Retrying in 5 seconds.
2026-08-16 21:46:31 WARN  [main] c.office.notification.client.Client - Unable to connect to server. Retrying in 5 seconds.
2026-08-16 21:46:36 WARN  [main] c.office.notification.client.Client - Unable to connect to server. Retrying in 5 seconds.
2026-08-16 21:46:36 WARN  [main] c.office.notification.client.Client - Unable to connect to server. Retrying in 5 seconds.
2026-08-16 21:48:10 INFO  [main] c.office.notification.server.Server - Server Started...
2026-08-16 21:48:11 INFO  [Thread-1] c.o.n.server.HeartbeatMonitor - Heartbeat monitor started
2026-08-16 21:48:29 INFO  [Thread-0] c.office.notification.server.Server - Server shutting down...
2026-08-16 21:48:29 INFO  [Thread-0] c.office.notification.server.Server - Server socket closed.
2026-08-16 21:48:29 INFO  [main] c.office.notification.server.Server - Server stopped gracefully.
2026-08-16 21:53:25 INFO  [main] c.office.notification.server.Server - Server Started...
2026-08-16 21:53:26 INFO  [Thread-1] c.o.n.server.HeartbeatMonitor - Heartbeat monitor started
2026-08-16 21:53:39 INFO  [main] c.office.notification.client.Client - Connected to server
2026-08-16 21:53:39 INFO  [main] c.office.notification.server.Server - New client connection accepted from /127.0.0.1
2026-08-16 21:53:39 INFO  [main] c.office.notification.server.Server - Total Clients: 0
2026-08-16 21:53:39 INFO  [Thread-2] c.o.n.server.ClientHandler - Client registered: ASUS
2026-08-16 21:53:39 INFO  [main] c.office.notification.client.Client - Server registration response: Registration Successful
2026-08-16 21:53:39 INFO  [main] c.office.notification.client.Client - Heartbeat sender started
2026-08-16 21:53:41 INFO  [main] c.office.notification.client.Client - Connected to server
2026-08-16 21:53:41 INFO  [main] c.office.notification.server.Server - New client connection accepted from /127.0.0.1
2026-08-16 21:53:41 INFO  [main] c.office.notification.server.Server - Total Clients: 1
2026-08-16 21:53:41 INFO  [Thread-3] c.o.n.server.ClientHandler - Client registered: ASUS
2026-08-16 21:53:41 INFO  [main] c.office.notification.client.Client - Server registration response: Registration Successful
2026-08-16 21:53:41 INFO  [main] c.office.notification.client.Client - Heartbeat sender started
2026-08-16 21:53:43 INFO  [main] c.office.notification.client.Client - Connected to server
2026-08-16 21:53:43 INFO  [main] c.office.notification.server.Server - New client connection accepted from /127.0.0.1
2026-08-16 21:53:43 INFO  [main] c.office.notification.server.Server - Total Clients: 2
2026-08-16 21:53:43 INFO  [Thread-4] c.o.n.server.ClientHandler - Client registered: ASUS
2026-08-16 21:53:43 INFO  [main] c.office.notification.client.Client - Server registration response: Registration Successful
2026-08-16 21:53:43 INFO  [main] c.office.notification.client.Client - Heartbeat sender started
2026-08-16 21:54:23 INFO  [Thread-0] c.office.notification.server.Server - Server shutting down...
2026-08-16 21:54:23 INFO  [Thread-0] c.office.notification.server.Server - Server socket closed.
2026-08-16 21:54:23 INFO  [main] c.office.notification.server.Server - Server stopped gracefully.
2026-08-16 21:54:37 INFO  [main] c.office.notification.server.Server - Server Started...
2026-08-16 21:54:38 INFO  [Thread-1] c.o.n.server.HeartbeatMonitor - Heartbeat monitor started
2026-08-16 21:54:40 INFO  [main] c.office.notification.client.Client - Connected to server
2026-08-16 21:54:40 INFO  [main] c.office.notification.server.Server - New client connection accepted from /127.0.0.1
2026-08-16 21:54:40 INFO  [main] c.office.notification.server.Server - Total Clients: 0
2026-08-16 21:54:40 INFO  [Thread-2] c.o.n.server.ClientHandler - Client registered: ASUS
2026-08-16 21:54:40 INFO  [main] c.office.notification.client.Client - Server registration response: Registration Successful
2026-08-16 21:54:40 INFO  [main] c.office.notification.client.Client - Heartbeat sender started
2026-08-16 21:54:41 INFO  [main] c.office.notification.client.Client - Connected to server
2026-08-16 21:54:41 INFO  [main] c.office.notification.server.Server - New client connection accepted from /127.0.0.1
2026-08-16 21:54:41 INFO  [main] c.office.notification.server.Server - Total Clients: 1
2026-08-16 21:54:41 INFO  [Thread-3] c.o.n.server.ClientHandler - Client registered: ASUS
2026-08-16 21:54:41 INFO  [main] c.office.notification.client.Client - Server registration response: Registration Successful
2026-08-16 21:54:41 INFO  [main] c.office.notification.client.Client - Heartbeat sender started
2026-08-16 21:55:23 INFO  [Thread-0] c.office.notification.server.Server - Server shutting down...
2026-08-16 21:55:23 INFO  [Thread-0] c.office.notification.server.Server - Server socket closed.
2026-08-16 21:55:23 INFO  [main] c.office.notification.server.Server - Server stopped gracefully.
2026-08-16 21:55:23 WARN  [main] c.office.notification.client.Client - Unable to connect to server. Retrying in 5 seconds.
2026-08-16 21:55:23 WARN  [main] c.office.notification.client.Client - Unable to connect to server. Retrying in 5 seconds.
2026-08-16 21:59:05 WARN  [main] c.office.notification.client.Client - Unable to connect to server. Retrying in 5 seconds.
2026-08-16 21:59:07 INFO  [main] c.office.notification.server.Server - Server Started...
2026-08-16 21:59:08 INFO  [Thread-1] c.o.n.server.HeartbeatMonitor - Heartbeat monitor started
2026-08-16 21:59:10 INFO  [main] c.office.notification.client.Client - Connected to server
2026-08-16 21:59:10 INFO  [main] c.office.notification.server.Server - New client connection accepted from /127.0.0.1
2026-08-16 21:59:10 INFO  [main] c.office.notification.server.Server - Total Clients: 0
2026-08-16 21:59:10 INFO  [Thread-2] c.o.n.server.ClientHandler - Client registered: ASUS
2026-08-16 21:59:10 INFO  [main] c.office.notification.client.Client - Server registration response: Registration Successful
2026-08-16 21:59:10 INFO  [main] c.office.notification.client.Client - Heartbeat sender started
2026-08-16 21:59:33 INFO  [Thread-0] c.office.notification.server.Server - Server shutting down...
2026-08-16 21:59:33 INFO  [main] c.office.notification.server.Server - Server stopped gracefully.
2026-08-16 21:59:33 INFO  [Thread-0] c.office.notification.server.Server - Server socket closed.
2026-08-16 21:59:34 WARN  [main] c.office.notification.client.Client - Unable to connect to server. Retrying in 5 seconds.
2026-08-16 22:19:18 INFO  [main] c.office.notification.server.Server - Server Started...
2026-08-16 22:19:19 INFO  [Thread-1] c.o.n.server.HeartbeatMonitor - Heartbeat monitor started
2026-08-16 22:19:28 INFO  [main] c.office.notification.client.Client - Connected to server
2026-08-16 22:19:28 INFO  [main] c.office.notification.server.Server - New client connection accepted from /127.0.0.1
2026-08-16 22:19:28 INFO  [main] c.office.notification.server.Server - Total Clients: 0
2026-08-16 22:19:28 INFO  [Thread-2] c.o.n.server.ClientHandler - Client registered: ASUS
2026-08-16 22:19:28 INFO  [main] c.office.notification.client.Client - Server registration response: Registration Successful
2026-08-16 22:19:28 INFO  [main] c.office.notification.client.Client - Heartbeat sender started
2026-08-16 22:19:29 INFO  [main] c.office.notification.client.Client - Connected to server
2026-08-16 22:19:29 INFO  [main] c.office.notification.server.Server - New client connection accepted from /127.0.0.1
2026-08-16 22:19:29 INFO  [main] c.office.notification.server.Server - Total Clients: 1
2026-08-16 22:19:29 INFO  [Thread-3] c.o.n.server.ClientHandler - Client registered: ASUS
2026-08-16 22:19:30 INFO  [main] c.office.notification.client.Client - Server registration response: Registration Successful
2026-08-16 22:19:30 INFO  [main] c.office.notification.client.Client - Heartbeat sender started
2026-08-16 22:19:31 INFO  [main] c.office.notification.client.Client - Connected to server
2026-08-16 22:19:31 INFO  [main] c.office.notification.server.Server - New client connection accepted from /127.0.0.1
2026-08-16 22:19:31 INFO  [main] c.office.notification.server.Server - Total Clients: 2
2026-08-16 22:19:31 INFO  [Thread-4] c.o.n.server.ClientHandler - Client registered: ASUS
2026-08-16 22:19:31 INFO  [main] c.office.notification.client.Client - Server registration response: Registration Successful
2026-08-16 22:19:31 INFO  [main] c.office.notification.client.Client - Heartbeat sender started
2026-08-16 22:19:32 INFO  [main] c.office.notification.client.Client - Connected to server
2026-08-16 22:19:32 INFO  [main] c.office.notification.server.Server - New client connection accepted from /127.0.0.1
2026-08-16 22:19:32 INFO  [main] c.office.notification.server.Server - Total Clients: 3
2026-08-16 22:19:32 INFO  [Thread-5] c.o.n.server.ClientHandler - Client registered: ASUS
2026-08-16 22:19:32 INFO  [main] c.office.notification.client.Client - Server registration response: Registration Successful
2026-08-16 22:19:32 INFO  [main] c.office.notification.client.Client - Heartbeat sender started
2026-08-16 22:19:41 INFO  [AWT-EventQueue-0] c.o.n.service.NotificationService - Notification sent to all clients. Priority: Information
2026-08-16 22:19:48 INFO  [AWT-EventQueue-0] c.o.n.service.NotificationService - Notification sent to all clients. Priority: Information
2026-08-16 22:20:08 INFO  [Thread-0] c.office.notification.server.Server - Server shutting down...
2026-08-16 22:20:08 INFO  [main] c.office.notification.server.Server - Server stopped gracefully.
2026-08-16 22:20:08 INFO  [Thread-0] c.office.notification.server.Server - Server socket closed.
2026-08-16 22:20:09 WARN  [Thread-0] c.o.n.client.HeartbeatSender - Heartbeat sender stopped because connection was closed.
2026-08-16 22:20:09 WARN  [Thread-0] c.o.n.client.HeartbeatSender - Heartbeat sender stopped because connection was closed.
2026-08-16 22:20:10 WARN  [Thread-0] c.o.n.client.HeartbeatSender - Heartbeat sender stopped because connection was closed.
2026-08-16 22:20:10 WARN  [Thread-0] c.o.n.client.HeartbeatSender - Heartbeat sender stopped because connection was closed.
2026-08-16 22:20:10 INFO  [main] c.office.notification.client.Client - Notification received with priority: Information
2026-08-16 22:20:10 WARN  [main] c.office.notification.client.Client - Unable to connect to server. Retrying in 5 seconds.
2026-08-16 22:20:11 INFO  [main] c.office.notification.client.Client - Notification received with priority: Information
2026-08-16 22:20:11 WARN  [main] c.office.notification.client.Client - Unable to connect to server. Retrying in 5 seconds.
2026-08-16 22:20:12 INFO  [main] c.office.notification.client.Client - Notification received with priority: Information
2026-08-16 22:20:12 WARN  [main] c.office.notification.client.Client - Unable to connect to server. Retrying in 5 seconds.
2026-08-16 22:20:12 INFO  [main] c.office.notification.client.Client - Notification received with priority: Information
2026-08-16 22:20:12 WARN  [main] c.office.notification.client.Client - Unable to connect to server. Retrying in 5 seconds.
2026-08-16 22:20:15 WARN  [main] c.office.notification.client.Client - Unable to connect to server. Retrying in 5 seconds.
2026-08-16 22:20:16 WARN  [main] c.office.notification.client.Client - Unable to connect to server. Retrying in 5 seconds.
2026-08-16 22:20:17 WARN  [main] c.office.notification.client.Client - Unable to connect to server. Retrying in 5 seconds.
2026-08-16 22:20:17 WARN  [main] c.office.notification.client.Client - Unable to connect to server. Retrying in 5 seconds.
2026-08-16 22:25:44 INFO  [main] c.office.notification.server.Server - Server Started...
2026-08-16 22:25:45 INFO  [Thread-1] c.o.n.server.HeartbeatMonitor - Heartbeat monitor started
2026-08-16 22:25:48 INFO  [main] c.office.notification.client.Client - Connected to server
2026-08-16 22:25:48 INFO  [main] c.office.notification.server.Server - New client connection accepted from /127.0.0.1
2026-08-16 22:25:48 INFO  [main] c.office.notification.server.Server - Total Clients: 0
2026-08-16 22:25:48 INFO  [Thread-2] c.o.n.server.ClientHandler - Client registered: ASUS
2026-08-16 22:25:48 INFO  [main] c.office.notification.client.Client - Server registration response: Registration Successful
2026-08-16 22:25:48 INFO  [main] c.office.notification.client.Client - Heartbeat sender started
2026-08-16 22:25:50 INFO  [main] c.office.notification.client.Client - Connected to server
2026-08-16 22:25:50 INFO  [main] c.office.notification.server.Server - New client connection accepted from /127.0.0.1
2026-08-16 22:25:50 INFO  [main] c.office.notification.server.Server - Total Clients: 1
2026-08-16 22:25:50 INFO  [Thread-3] c.o.n.server.ClientHandler - Client registered: ASUS
2026-08-16 22:25:50 INFO  [main] c.office.notification.client.Client - Server registration response: Registration Successful
2026-08-16 22:25:50 INFO  [main] c.office.notification.client.Client - Heartbeat sender started
2026-08-16 22:25:56 INFO  [AWT-EventQueue-0] c.o.n.service.NotificationService - Notification sent to all clients. Priority: Information
2026-08-16 22:26:13 INFO  [Thread-0] c.office.notification.server.Server - Server shutting down...
2026-08-16 22:26:13 INFO  [Thread-0] c.office.notification.server.Server - Server socket closed.
2026-08-16 22:26:13 INFO  [main] c.office.notification.server.Server - Server stopped gracefully.
2026-08-16 22:26:35 INFO  [main] c.office.notification.server.Server - Server Started...
2026-08-16 22:26:36 INFO  [Thread-1] c.o.n.server.HeartbeatMonitor - Heartbeat monitor started
2026-08-16 22:26:43 INFO  [Thread-0] c.office.notification.server.Server - Server shutting down...
2026-08-16 22:26:43 INFO  [main] c.office.notification.server.Server - Server stopped gracefully.
2026-08-16 22:26:43 INFO  [Thread-0] c.office.notification.server.Server - Server socket closed.
2026-08-16 22:31:48 INFO  [main] c.office.notification.server.Server - Server Started...
2026-08-16 22:31:48 INFO  [Thread-1] c.o.n.server.HeartbeatMonitor - Heartbeat monitor started
2026-08-16 22:31:54 INFO  [main] c.office.notification.client.Client - Connected to server
2026-08-16 22:31:54 INFO  [main] c.office.notification.server.Server - New client connection accepted from /127.0.0.1
2026-08-16 22:31:54 INFO  [main] c.office.notification.server.Server - Total Clients: 0
2026-08-16 22:31:54 INFO  [Thread-2] c.o.n.server.ClientHandler - Client registered: ASUS
2026-08-16 22:31:54 INFO  [main] c.office.notification.client.Client - Server registration response: Registration Successful
2026-08-16 22:31:54 INFO  [main] c.office.notification.client.Client - Heartbeat sender started
2026-08-16 22:31:55 INFO  [main] c.office.notification.client.Client - Connected to server
2026-08-16 22:31:55 INFO  [main] c.office.notification.server.Server - New client connection accepted from /127.0.0.1
2026-08-16 22:31:55 INFO  [main] c.office.notification.server.Server - Total Clients: 1
2026-08-16 22:31:55 INFO  [Thread-3] c.o.n.server.ClientHandler - Client registered: ASUS
2026-08-16 22:31:55 INFO  [main] c.office.notification.client.Client - Server registration response: Registration Successful
2026-08-16 22:31:55 INFO  [main] c.office.notification.client.Client - Heartbeat sender started
2026-08-16 22:32:01 INFO  [AWT-EventQueue-0] c.o.n.service.NotificationService - Notification sent to all clients. Priority: Information
2026-08-16 22:32:09 INFO  [Thread-0] c.office.notification.server.Server - Server shutting down...
2026-08-16 22:32:09 INFO  [Thread-0] c.office.notification.server.Server - Server socket closed.
2026-08-16 22:32:09 INFO  [main] c.office.notification.server.Server - Server stopped gracefully.
2026-08-16 22:32:10 WARN  [Thread-0] c.o.n.client.HeartbeatSender - Heartbeat sender stopped because connection was closed.
2026-08-16 22:32:11 INFO  [main] c.office.notification.client.Client - Notification received with priority: Information
2026-08-16 22:32:11 WARN  [main] c.office.notification.client.Client - Unable to connect to server. Retrying in 5 seconds.
2026-08-16 22:32:12 INFO  [main] c.office.notification.client.Client - Notification received with priority: Information
2026-08-16 22:32:12 WARN  [main] c.office.notification.client.Client - Unable to connect to server. Retrying in 5 seconds.
2026-08-16 22:32:16 WARN  [main] c.office.notification.client.Client - Unable to connect to server. Retrying in 5 seconds.
2026-08-16 22:32:17 WARN  [main] c.office.notification.client.Client - Unable to connect to server. Retrying in 5 seconds.
2026-08-16 22:32:18 INFO  [main] c.office.notification.server.Server - Server Started...
2026-08-16 22:32:19 INFO  [Thread-1] c.o.n.server.HeartbeatMonitor - Heartbeat monitor started
2026-08-16 22:32:21 INFO  [main] c.office.notification.client.Client - Connected to server
2026-08-16 22:32:21 INFO  [main] c.office.notification.server.Server - New client connection accepted from /127.0.0.1
2026-08-16 22:32:21 INFO  [main] c.office.notification.server.Server - Total Clients: 0
2026-08-16 22:32:21 INFO  [Thread-2] c.o.n.server.ClientHandler - Client registered: ASUS
2026-08-16 22:32:21 INFO  [main] c.office.notification.client.Client - Server registration response: Registration Successful
2026-08-16 22:32:21 INFO  [main] c.office.notification.client.Client - Heartbeat sender started
2026-08-16 22:32:22 INFO  [main] c.office.notification.client.Client - Connected to server
2026-08-16 22:32:22 INFO  [main] c.office.notification.server.Server - New client connection accepted from /127.0.0.1
2026-08-16 22:32:22 INFO  [main] c.office.notification.server.Server - Total Clients: 1
2026-08-16 22:32:22 INFO  [Thread-3] c.o.n.server.ClientHandler - Client registered: ASUS
2026-08-16 22:32:22 INFO  [main] c.office.notification.client.Client - Server registration response: Registration Successful
2026-08-16 22:32:22 INFO  [main] c.office.notification.client.Client - Heartbeat sender started
2026-08-16 22:32:53 INFO  [Thread-0] c.office.notification.server.Server - Server shutting down...
2026-08-16 22:32:53 INFO  [Thread-0] c.office.notification.server.Server - Server socket closed.
2026-08-16 22:32:53 INFO  [main] c.office.notification.server.Server - Server stopped gracefully.
2026-08-16 22:32:54 WARN  [main] c.office.notification.client.Client - Unable to connect to server. Retrying in 5 seconds.
2026-08-16 22:32:54 WARN  [main] c.office.notification.client.Client - Unable to connect to server. Retrying in 5 seconds.
