2026-08-08 11:14:41 INFO  [main] c.office.notification.server.Server - Server Started...
2026-08-08 11:14:51 INFO  [main] c.office.notification.server.Server - New client connection accepted
2026-08-08 11:42:02 INFO  [main] c.office.notification.server.Server - Server Started...
2026-08-08 11:42:18 INFO  [main] c.office.notification.server.Server - New client connection accepted from /127.0.0.1
2026-08-08 11:42:18 INFO  [main] c.office.notification.server.Server - Total Clients: 0
2026-08-08 11:42:18 INFO  [Thread-1] c.o.n.server.ClientHandler - Client registered: ASUS
2026-08-08 11:47:11 INFO  [main] c.office.notification.server.Server - Server Started...
2026-08-08 11:47:25 INFO  [main] c.office.notification.server.Server - New client connection accepted from /127.0.0.1
2026-08-08 11:47:25 INFO  [main] c.office.notification.server.Server - Total Clients: 0
2026-08-08 11:47:25 INFO  [Thread-1] c.o.n.server.ClientHandler - Client registered: ASUS
2026-08-08 22:22:49 INFO  [main] c.office.notification.server.Server - Server Started...
2026-08-08 22:22:50 INFO  [Thread-0] c.o.n.server.HeartbeatMonitor - Heartbeat monitor started
2026-08-08 22:23:01 INFO  [main] c.office.notification.client.Client - Connected to server
2026-08-08 22:23:01 INFO  [main] c.office.notification.server.Server - New client connection accepted from /127.0.0.1
2026-08-08 22:23:01 INFO  [main] c.office.notification.server.Server - Total Clients: 0
2026-08-08 22:23:01 INFO  [Thread-1] c.o.n.server.ClientHandler - Client registered: ASUS
2026-08-08 22:23:01 INFO  [main] c.office.notification.client.Client - Server registration response: Registration Successful
2026-08-08 22:23:01 INFO  [main] c.office.notification.client.Client - Heartbeat sender started
2026-08-08 22:42:43 INFO  [main] c.office.notification.server.Server - Server Started...
2026-08-08 22:42:43 INFO  [Thread-0] c.o.n.server.HeartbeatMonitor - Heartbeat monitor started
2026-08-08 22:42:53 INFO  [main] c.office.notification.client.Client - Connected to server
2026-08-08 22:42:53 INFO  [main] c.office.notification.server.Server - New client connection accepted from /127.0.0.1
2026-08-08 22:42:53 INFO  [main] c.office.notification.server.Server - Total Clients: 0
2026-08-08 22:42:53 INFO  [Thread-1] c.o.n.server.ClientHandler - Client registered: ASUS
2026-08-08 22:42:53 INFO  [main] c.office.notification.client.Client - Server registration response: Registration Successful
2026-08-08 22:42:53 INFO  [main] c.office.notification.client.Client - Heartbeat sender started
2026-08-08 22:44:16 INFO  [AWT-EventQueue-0] c.o.n.service.NotificationService - Notification sent to all clients. Priority: Information
2026-08-08 22:44:21 INFO  [main] c.office.notification.client.Client - Notification received with priority: Information
2026-08-08 22:44:36 INFO  [AWT-EventQueue-0] c.o.n.service.NotificationService - Notification sent to all clients. Priority: Information
2026-08-08 22:44:39 INFO  [main] c.office.notification.client.Client - Notification received with priority: Information
2026-08-08 22:44:41 INFO  [main] c.office.notification.client.Client - Disconnected from server
2026-08-08 22:44:41 WARN  [main] c.office.notification.client.Client - Connection lost from server
2026-08-08 22:44:41 INFO  [main] c.office.notification.client.Client - Retrying connection in 5 seconds
2026-08-08 22:44:46 INFO  [main] c.office.notification.client.Client - Disconnected from server
2026-08-08 22:44:46 WARN  [main] c.office.notification.client.Client - Connection lost from server
2026-08-08 22:44:46 INFO  [main] c.office.notification.client.Client - Retrying connection in 5 seconds
2026-08-08 22:44:51 INFO  [main] c.office.notification.client.Client - Disconnected from server
2026-08-08 22:44:51 WARN  [main] c.office.notification.client.Client - Connection lost from server
2026-08-08 22:44:51 INFO  [main] c.office.notification.client.Client - Retrying connection in 5 seconds
2026-08-08 22:56:34 WARN  [main] c.office.notification.client.Client - Unable to connect to server. Retrying in 5 seconds.
2026-08-08 22:56:39 WARN  [main] c.office.notification.client.Client - Unable to connect to server. Retrying in 5 seconds.
2026-08-08 22:56:44 WARN  [main] c.office.notification.client.Client - Unable to connect to server. Retrying in 5 seconds.
2026-08-08 22:56:44 INFO  [main] c.office.notification.server.Server - Server Started...
2026-08-08 22:56:44 INFO  [Thread-0] c.o.n.server.HeartbeatMonitor - Heartbeat monitor started
2026-08-08 22:56:49 INFO  [main] c.office.notification.client.Client - Connected to server
2026-08-08 22:56:49 INFO  [main] c.office.notification.server.Server - New client connection accepted from /127.0.0.1
2026-08-08 22:56:49 INFO  [main] c.office.notification.server.Server - Total Clients: 0
2026-08-08 22:56:49 INFO  [Thread-1] c.o.n.server.ClientHandler - Client registered: ASUS
2026-08-08 22:56:49 INFO  [main] c.office.notification.client.Client - Server registration response: Registration Successful
2026-08-08 22:56:49 INFO  [main] c.office.notification.client.Client - Heartbeat sender started
2026-08-08 22:56:51 INFO  [AWT-EventQueue-0] c.o.n.service.NotificationService - Notification sent to all clients. Priority: Information
2026-08-08 23:10:14 INFO  [main] c.office.notification.server.Server - Server Started...
2026-08-08 23:10:14 INFO  [Thread-0] c.o.n.server.HeartbeatMonitor - Heartbeat monitor started
2026-08-08 23:10:20 INFO  [main] c.office.notification.client.Client - Connected to server
2026-08-08 23:10:20 INFO  [main] c.office.notification.server.Server - New client connection accepted from /127.0.0.1
2026-08-08 23:10:20 INFO  [main] c.office.notification.server.Server - Total Clients: 0
2026-08-08 23:10:20 INFO  [Thread-1] c.o.n.server.ClientHandler - Client registered: ASUS
2026-08-08 23:10:20 INFO  [main] c.office.notification.client.Client - Server registration response: Registration Successful
2026-08-08 23:10:20 INFO  [main] c.office.notification.client.Client - Heartbeat sender started
2026-08-08 23:19:18 INFO  [main] c.office.notification.server.Server - Server Started...
2026-08-08 23:19:18 INFO  [Thread-0] c.o.n.server.HeartbeatMonitor - Heartbeat monitor started
2026-08-08 23:19:23 INFO  [main] c.office.notification.client.Client - Connected to server
2026-08-08 23:19:23 INFO  [main] c.office.notification.server.Server - New client connection accepted from /127.0.0.1
2026-08-08 23:19:23 INFO  [main] c.office.notification.server.Server - Total Clients: 0
2026-08-08 23:19:23 INFO  [Thread-1] c.o.n.server.ClientHandler - Client registered: ASUS
2026-08-08 23:19:23 INFO  [main] c.office.notification.client.Client - Server registration response: Registration Successful
2026-08-08 23:19:23 INFO  [main] c.office.notification.client.Client - Heartbeat sender started
2026-08-08 23:19:38 INFO  [AWT-EventQueue-0] c.o.n.service.NotificationService - Notification sent to all clients. Priority: Information
2026-08-08 23:19:43 INFO  [main] c.office.notification.client.Client - Notification received with priority: Information
2026-08-08 23:20:57 INFO  [Thread-1] c.o.n.server.ClientHandler - Client disconnected: ASUS
2026-08-08 23:20:57 INFO  [Thread-1] c.o.n.server.ClientHandler - Remaining clients: 0
